Archive member included to satisfy reference by file (symbol)

../build/colorlight_i5/software/libc/libc.a(memcpy-asm.S.o)
                              firmware_dotp.o (memcpy)
../build/colorlight_i5/software/libc/libc.a(libc_tinystdio_printf.c.o)
                              firmware_dotp.o (printf)
../build/colorlight_i5/software/libc/libc.a(libc_tinystdio_vfiprintf.c.o)
                              ../build/colorlight_i5/software/libc/libc.a(libc_tinystdio_printf.c.o) (vfprintf)
../build/colorlight_i5/software/libc/libc.a(_libc.a)
                              ../build/colorlight_i5/software/libc/libc.a(libc_tinystdio_printf.c.o) (stdout)
../build/colorlight_i5/software/libc/libc.a(libc_string_strnlen.c.o)
                              ../build/colorlight_i5/software/libc/libc.a(libc_tinystdio_vfiprintf.c.o) (strnlen)
../build/colorlight_i5/software/libcompiler_rt/libcompiler_rt.a(udivdi3.o)
                              ../build/colorlight_i5/software/libc/libc.a(libc_tinystdio_vfiprintf.c.o) (__udivdi3)
../build/colorlight_i5/software/libcompiler_rt/libcompiler_rt.a(umoddi3.o)
                              ../build/colorlight_i5/software/libc/libc.a(libc_tinystdio_vfiprintf.c.o) (__umoddi3)
../build/colorlight_i5/software/libcompiler_rt/libcompiler_rt.a(udivmoddi4.o)
                              ../build/colorlight_i5/software/libcompiler_rt/libcompiler_rt.a(udivdi3.o) (__udivmoddi4)
../build/colorlight_i5/software/libcompiler_rt/libcompiler_rt.a(clzsi2.o)
                              ../build/colorlight_i5/software/libcompiler_rt/libcompiler_rt.a(udivmoddi4.o) (__clzsi2)
../build/colorlight_i5/software/libcompiler_rt/libcompiler_rt.a(ctzsi2.o)
                              ../build/colorlight_i5/software/libcompiler_rt/libcompiler_rt.a(udivmoddi4.o) (__ctzsi2)
../build/colorlight_i5/software/libbase/libbase.a(uart.o)
                              ../build/colorlight_i5/software/libc/libc.a(_libc.a) (uart_read)

Discarded input sections

 .text          0x0000000000000000        0x0 crt0.o
 .data          0x0000000000000000        0x0 crt0.o
 .bss           0x0000000000000000        0x0 crt0.o
 .group         0x0000000000000000        0xc firmware_dotp.o
 .group         0x0000000000000000        0xc firmware_dotp.o
 .group         0x0000000000000000        0xc firmware_dotp.o
 .group         0x0000000000000000        0xc firmware_dotp.o
 .group         0x0000000000000000        0xc firmware_dotp.o
 .group         0x0000000000000000        0xc firmware_dotp.o
 .group         0x0000000000000000        0xc firmware_dotp.o
 .group         0x0000000000000000        0xc firmware_dotp.o
 .group         0x0000000000000000        0xc firmware_dotp.o
 .group         0x0000000000000000        0xc firmware_dotp.o
 .group         0x0000000000000000        0xc firmware_dotp.o
 .group         0x0000000000000000        0xc firmware_dotp.o
 .group         0x0000000000000000        0xc firmware_dotp.o
 .group         0x0000000000000000        0xc firmware_dotp.o
 .group         0x0000000000000000        0xc firmware_dotp.o
 .group         0x0000000000000000        0xc firmware_dotp.o
 .group         0x0000000000000000        0xc firmware_dotp.o
 .group         0x0000000000000000        0xc firmware_dotp.o
 .group         0x0000000000000000        0xc firmware_dotp.o
 .group         0x0000000000000000        0xc firmware_dotp.o
 .group         0x0000000000000000        0xc firmware_dotp.o
 .group         0x0000000000000000        0xc firmware_dotp.o
 .group         0x0000000000000000        0xc firmware_dotp.o
 .group         0x0000000000000000        0xc firmware_dotp.o
 .group         0x0000000000000000        0xc firmware_dotp.o
 .group         0x0000000000000000        0xc firmware_dotp.o
 .text          0x0000000000000000        0x0 firmware_dotp.o
 .data          0x0000000000000000        0x0 firmware_dotp.o
 .bss           0x0000000000000000        0x0 firmware_dotp.o
 .eh_frame      0x0000000000000000       0x34 firmware_dotp.o
 .text          0x0000000000000000        0x0 ../build/colorlight_i5/software/libc/libc.a(memcpy-asm.S.o)
 .data          0x0000000000000000        0x0 ../build/colorlight_i5/software/libc/libc.a(memcpy-asm.S.o)
 .bss           0x0000000000000000        0x0 ../build/colorlight_i5/software/libc/libc.a(memcpy-asm.S.o)
 .group         0x0000000000000000        0xc ../build/colorlight_i5/software/libc/libc.a(libc_tinystdio_printf.c.o)
 .group         0x0000000000000000        0xc ../build/colorlight_i5/software/libc/libc.a(libc_tinystdio_printf.c.o)
 .group         0x0000000000000000        0xc ../build/colorlight_i5/software/libc/libc.a(libc_tinystdio_printf.c.o)
 .group         0x0000000000000000        0xc ../build/colorlight_i5/software/libc/libc.a(libc_tinystdio_printf.c.o)
 .group         0x0000000000000000        0xc ../build/colorlight_i5/software/libc/libc.a(libc_tinystdio_printf.c.o)
 .group         0x0000000000000000        0xc ../build/colorlight_i5/software/libc/libc.a(libc_tinystdio_printf.c.o)
 .group         0x0000000000000000        0xc ../build/colorlight_i5/software/libc/libc.a(libc_tinystdio_printf.c.o)
 .group         0x0000000000000000        0xc ../build/colorlight_i5/software/libc/libc.a(libc_tinystdio_printf.c.o)
 .group         0x0000000000000000        0xc ../build/colorlight_i5/software/libc/libc.a(libc_tinystdio_printf.c.o)
 .group         0x0000000000000000        0xc ../build/colorlight_i5/software/libc/libc.a(libc_tinystdio_printf.c.o)
 .group         0x0000000000000000        0xc ../build/colorlight_i5/software/libc/libc.a(libc_tinystdio_printf.c.o)
 .group         0x0000000000000000        0xc ../build/colorlight_i5/software/libc/libc.a(libc_tinystdio_printf.c.o)
 .group         0x0000000000000000        0xc ../build/colorlight_i5/software/libc/libc.a(libc_tinystdio_printf.c.o)
 .group         0x0000000000000000        0xc ../build/colorlight_i5/software/libc/libc.a(libc_tinystdio_printf.c.o)
 .group         0x0000000000000000        0xc ../build/colorlight_i5/software/libc/libc.a(libc_tinystdio_printf.c.o)
 .group         0x0000000000000000        0xc ../build/colorlight_i5/software/libc/libc.a(libc_tinystdio_printf.c.o)
 .group         0x0000000000000000        0xc ../build/colorlight_i5/software/libc/libc.a(libc_tinystdio_printf.c.o)
 .group         0x0000000000000000        0xc ../build/colorlight_i5/software/libc/libc.a(libc_tinystdio_printf.c.o)
 .group         0x0000000000000000        0xc ../build/colorlight_i5/software/libc/libc.a(libc_tinystdio_printf.c.o)
 .group         0x0000000000000000        0xc ../build/colorlight_i5/software/libc/libc.a(libc_tinystdio_printf.c.o)
 .text          0x0000000000000000        0x0 ../build/colorlight_i5/software/libc/libc.a(libc_tinystdio_printf.c.o)
 .data          0x0000000000000000        0x0 ../build/colorlight_i5/software/libc/libc.a(libc_tinystdio_printf.c.o)
 .bss           0x0000000000000000        0x0 ../build/colorlight_i5/software/libc/libc.a(libc_tinystdio_printf.c.o)
 .debug_macro   0x0000000000000000       0x27 ../build/colorlight_i5/software/libc/libc.a(libc_tinystdio_printf.c.o)
 .debug_macro   0x0000000000000000       0x35 ../build/colorlight_i5/software/libc/libc.a(libc_tinystdio_printf.c.o)
 .debug_macro   0x0000000000000000      0x103 ../build/colorlight_i5/software/libc/libc.a(libc_tinystdio_printf.c.o)
 .debug_macro   0x0000000000000000       0x34 ../build/colorlight_i5/software/libc/libc.a(libc_tinystdio_printf.c.o)
 .debug_macro   0x0000000000000000       0x57 ../build/colorlight_i5/software/libc/libc.a(libc_tinystdio_printf.c.o)
 .debug_macro   0x0000000000000000       0x6a ../build/colorlight_i5/software/libc/libc.a(libc_tinystdio_printf.c.o)
 .debug_macro   0x0000000000000000      0x1df ../build/colorlight_i5/software/libc/libc.a(libc_tinystdio_printf.c.o)
 .debug_macro   0x0000000000000000       0x16 ../build/colorlight_i5/software/libc/libc.a(libc_tinystdio_printf.c.o)
 .debug_macro   0x0000000000000000       0x35 ../build/colorlight_i5/software/libc/libc.a(libc_tinystdio_printf.c.o)
 .debug_macro   0x0000000000000000       0x10 ../build/colorlight_i5/software/libc/libc.a(libc_tinystdio_printf.c.o)
 .eh_frame      0x0000000000000000       0x30 ../build/colorlight_i5/software/libc/libc.a(libc_tinystdio_printf.c.o)
 .group         0x0000000000000000        0xc ../build/colorlight_i5/software/libc/libc.a(libc_tinystdio_vfiprintf.c.o)
 .group         0x0000000000000000        0xc ../build/colorlight_i5/software/libc/libc.a(libc_tinystdio_vfiprintf.c.o)
 .group         0x0000000000000000        0xc ../build/colorlight_i5/software/libc/libc.a(libc_tinystdio_vfiprintf.c.o)
 .group         0x0000000000000000        0xc ../build/colorlight_i5/software/libc/libc.a(libc_tinystdio_vfiprintf.c.o)
 .group         0x0000000000000000        0xc ../build/colorlight_i5/software/libc/libc.a(libc_tinystdio_vfiprintf.c.o)
 .group         0x0000000000000000        0xc ../build/colorlight_i5/software/libc/libc.a(libc_tinystdio_vfiprintf.c.o)
 .group         0x0000000000000000        0xc ../build/colorlight_i5/software/libc/libc.a(libc_tinystdio_vfiprintf.c.o)
 .group         0x0000000000000000        0xc ../build/colorlight_i5/software/libc/libc.a(libc_tinystdio_vfiprintf.c.o)
 .group         0x0000000000000000        0xc ../build/colorlight_i5/software/libc/libc.a(libc_tinystdio_vfiprintf.c.o)
 .group         0x0000000000000000        0xc ../build/colorlight_i5/software/libc/libc.a(libc_tinystdio_vfiprintf.c.o)
 .group         0x0000000000000000        0xc ../build/colorlight_i5/software/libc/libc.a(libc_tinystdio_vfiprintf.c.o)
 .group         0x0000000000000000        0xc ../build/colorlight_i5/software/libc/libc.a(libc_tinystdio_vfiprintf.c.o)
 .group         0x0000000000000000        0xc ../build/colorlight_i5/software/libc/libc.a(libc_tinystdio_vfiprintf.c.o)
 .group         0x0000000000000000        0xc ../build/colorlight_i5/software/libc/libc.a(libc_tinystdio_vfiprintf.c.o)
 .group         0x0000000000000000        0xc ../build/colorlight_i5/software/libc/libc.a(libc_tinystdio_vfiprintf.c.o)
 .group         0x0000000000000000        0xc ../build/colorlight_i5/software/libc/libc.a(libc_tinystdio_vfiprintf.c.o)
 .group         0x0000000000000000        0xc ../build/colorlight_i5/software/libc/libc.a(libc_tinystdio_vfiprintf.c.o)
 .group         0x0000000000000000        0xc ../build/colorlight_i5/software/libc/libc.a(libc_tinystdio_vfiprintf.c.o)
 .group         0x0000000000000000        0xc ../build/colorlight_i5/software/libc/libc.a(libc_tinystdio_vfiprintf.c.o)
 .group         0x0000000000000000        0xc ../build/colorlight_i5/software/libc/libc.a(libc_tinystdio_vfiprintf.c.o)
 .group         0x0000000000000000        0xc ../build/colorlight_i5/software/libc/libc.a(libc_tinystdio_vfiprintf.c.o)
 .group         0x0000000000000000        0xc ../build/colorlight_i5/software/libc/libc.a(libc_tinystdio_vfiprintf.c.o)
 .group         0x0000000000000000        0xc ../build/colorlight_i5/software/libc/libc.a(libc_tinystdio_vfiprintf.c.o)
 .group         0x0000000000000000        0xc ../build/colorlight_i5/software/libc/libc.a(libc_tinystdio_vfiprintf.c.o)
 .group         0x0000000000000000        0xc ../build/colorlight_i5/software/libc/libc.a(libc_tinystdio_vfiprintf.c.o)
 .group         0x0000000000000000        0xc ../build/colorlight_i5/software/libc/libc.a(libc_tinystdio_vfiprintf.c.o)
 .group         0x0000000000000000        0xc ../build/colorlight_i5/software/libc/libc.a(libc_tinystdio_vfiprintf.c.o)
 .group         0x0000000000000000        0xc ../build/colorlight_i5/software/libc/libc.a(libc_tinystdio_vfiprintf.c.o)
 .group         0x0000000000000000        0xc ../build/colorlight_i5/software/libc/libc.a(libc_tinystdio_vfiprintf.c.o)
 .group         0x0000000000000000        0xc ../build/colorlight_i5/software/libc/libc.a(libc_tinystdio_vfiprintf.c.o)
 .group         0x0000000000000000        0xc ../build/colorlight_i5/software/libc/libc.a(libc_tinystdio_vfiprintf.c.o)
 .group         0x0000000000000000        0xc ../build/colorlight_i5/software/libc/libc.a(libc_tinystdio_vfiprintf.c.o)
 .group         0x0000000000000000        0xc ../build/colorlight_i5/software/libc/libc.a(libc_tinystdio_vfiprintf.c.o)
 .group         0x0000000000000000        0xc ../build/colorlight_i5/software/libc/libc.a(libc_tinystdio_vfiprintf.c.o)
 .group         0x0000000000000000        0xc ../build/colorlight_i5/software/libc/libc.a(libc_tinystdio_vfiprintf.c.o)
 .group         0x0000000000000000        0xc ../build/colorlight_i5/software/libc/libc.a(libc_tinystdio_vfiprintf.c.o)
 .group         0x0000000000000000        0xc ../build/colorlight_i5/software/libc/libc.a(libc_tinystdio_vfiprintf.c.o)
 .group         0x0000000000000000        0xc ../build/colorlight_i5/software/libc/libc.a(libc_tinystdio_vfiprintf.c.o)
 .group         0x0000000000000000        0xc ../build/colorlight_i5/software/libc/libc.a(libc_tinystdio_vfiprintf.c.o)
 .group         0x0000000000000000        0xc ../build/colorlight_i5/software/libc/libc.a(libc_tinystdio_vfiprintf.c.o)
 .group         0x0000000000000000        0xc ../build/colorlight_i5/software/libc/libc.a(libc_tinystdio_vfiprintf.c.o)
 .group         0x0000000000000000        0xc ../build/colorlight_i5/software/libc/libc.a(libc_tinystdio_vfiprintf.c.o)
 .group         0x0000000000000000        0xc ../build/colorlight_i5/software/libc/libc.a(libc_tinystdio_vfiprintf.c.o)
 .group         0x0000000000000000        0xc ../build/colorlight_i5/software/libc/libc.a(libc_tinystdio_vfiprintf.c.o)
 .group         0x0000000000000000        0xc ../build/colorlight_i5/software/libc/libc.a(libc_tinystdio_vfiprintf.c.o)
 .group         0x0000000000000000        0xc ../build/colorlight_i5/software/libc/libc.a(libc_tinystdio_vfiprintf.c.o)
 .group         0x0000000000000000        0xc ../build/colorlight_i5/software/libc/libc.a(libc_tinystdio_vfiprintf.c.o)
 .text          0x0000000000000000        0x0 ../build/colorlight_i5/software/libc/libc.a(libc_tinystdio_vfiprintf.c.o)
 .data          0x0000000000000000        0x0 ../build/colorlight_i5/software/libc/libc.a(libc_tinystdio_vfiprintf.c.o)
 .bss           0x0000000000000000        0x0 ../build/colorlight_i5/software/libc/libc.a(libc_tinystdio_vfiprintf.c.o)
 .debug_macro   0x0000000000000000      0x724 ../build/colorlight_i5/software/libc/libc.a(libc_tinystdio_vfiprintf.c.o)
 .debug_macro   0x0000000000000000      0x50c ../build/colorlight_i5/software/libc/libc.a(libc_tinystdio_vfiprintf.c.o)
 .debug_macro   0x0000000000000000       0x58 ../build/colorlight_i5/software/libc/libc.a(libc_tinystdio_vfiprintf.c.o)
 .debug_macro   0x0000000000000000       0x27 ../build/colorlight_i5/software/libc/libc.a(libc_tinystdio_vfiprintf.c.o)
 .debug_macro   0x0000000000000000      0x201 ../build/colorlight_i5/software/libc/libc.a(libc_tinystdio_vfiprintf.c.o)
 .debug_macro   0x0000000000000000       0x35 ../build/colorlight_i5/software/libc/libc.a(libc_tinystdio_vfiprintf.c.o)
 .debug_macro   0x0000000000000000      0x103 ../build/colorlight_i5/software/libc/libc.a(libc_tinystdio_vfiprintf.c.o)
 .debug_macro   0x0000000000000000       0x34 ../build/colorlight_i5/software/libc/libc.a(libc_tinystdio_vfiprintf.c.o)
 .debug_macro   0x0000000000000000       0x57 ../build/colorlight_i5/software/libc/libc.a(libc_tinystdio_vfiprintf.c.o)
 .debug_macro   0x0000000000000000       0x6a ../build/colorlight_i5/software/libc/libc.a(libc_tinystdio_vfiprintf.c.o)
 .debug_macro   0x0000000000000000      0x1df ../build/colorlight_i5/software/libc/libc.a(libc_tinystdio_vfiprintf.c.o)
 .debug_macro   0x0000000000000000       0x82 ../build/colorlight_i5/software/libc/libc.a(libc_tinystdio_vfiprintf.c.o)
 .debug_macro   0x0000000000000000      0x4cc ../build/colorlight_i5/software/libc/libc.a(libc_tinystdio_vfiprintf.c.o)
 .debug_macro   0x0000000000000000       0x16 ../build/colorlight_i5/software/libc/libc.a(libc_tinystdio_vfiprintf.c.o)
 .debug_macro   0x0000000000000000       0x97 ../build/colorlight_i5/software/libc/libc.a(libc_tinystdio_vfiprintf.c.o)
 .debug_macro   0x0000000000000000       0x35 ../build/colorlight_i5/software/libc/libc.a(libc_tinystdio_vfiprintf.c.o)
 .debug_macro   0x0000000000000000       0x10 ../build/colorlight_i5/software/libc/libc.a(libc_tinystdio_vfiprintf.c.o)
 .debug_macro   0x0000000000000000       0x20 ../build/colorlight_i5/software/libc/libc.a(libc_tinystdio_vfiprintf.c.o)
 .debug_macro   0x0000000000000000      0x13f ../build/colorlight_i5/software/libc/libc.a(libc_tinystdio_vfiprintf.c.o)
 .eh_frame      0x0000000000000000       0xb0 ../build/colorlight_i5/software/libc/libc.a(libc_tinystdio_vfiprintf.c.o)
 .group         0x0000000000000000        0xc ../build/colorlight_i5/software/libc/libc.a(_libc.a)
 .group         0x0000000000000000        0xc ../build/colorlight_i5/software/libc/libc.a(_libc.a)
 .group         0x0000000000000000        0xc ../build/colorlight_i5/software/libc/libc.a(_libc.a)
 .group         0x0000000000000000        0xc ../build/colorlight_i5/software/libc/libc.a(_libc.a)
 .group         0x0000000000000000        0xc ../build/colorlight_i5/software/libc/libc.a(_libc.a)
 .group         0x0000000000000000        0xc ../build/colorlight_i5/software/libc/libc.a(_libc.a)
 .group         0x0000000000000000        0xc ../build/colorlight_i5/software/libc/libc.a(_libc.a)
 .group         0x0000000000000000        0xc ../build/colorlight_i5/software/libc/libc.a(_libc.a)
 .group         0x0000000000000000        0xc ../build/colorlight_i5/software/libc/libc.a(_libc.a)
 .group         0x0000000000000000        0xc ../build/colorlight_i5/software/libc/libc.a(_libc.a)
 .group         0x0000000000000000        0xc ../build/colorlight_i5/software/libc/libc.a(_libc.a)
 .group         0x0000000000000000        0xc ../build/colorlight_i5/software/libc/libc.a(_libc.a)
 .group         0x0000000000000000        0xc ../build/colorlight_i5/software/libc/libc.a(_libc.a)
 .group         0x0000000000000000        0xc ../build/colorlight_i5/software/libc/libc.a(_libc.a)
 .group         0x0000000000000000        0xc ../build/colorlight_i5/software/libc/libc.a(_libc.a)
 .group         0x0000000000000000        0xc ../build/colorlight_i5/software/libc/libc.a(_libc.a)
 .group         0x0000000000000000        0xc ../build/colorlight_i5/software/libc/libc.a(_libc.a)
 .group         0x0000000000000000        0xc ../build/colorlight_i5/software/libc/libc.a(_libc.a)
 .group         0x0000000000000000        0xc ../build/colorlight_i5/software/libc/libc.a(_libc.a)
 .group         0x0000000000000000        0xc ../build/colorlight_i5/software/libc/libc.a(_libc.a)
 .group         0x0000000000000000        0xc ../build/colorlight_i5/software/libc/libc.a(_libc.a)
 .group         0x0000000000000000        0xc ../build/colorlight_i5/software/libc/libc.a(_libc.a)
 .group         0x0000000000000000        0xc ../build/colorlight_i5/software/libc/libc.a(_libc.a)
 .group         0x0000000000000000        0xc ../build/colorlight_i5/software/libc/libc.a(_libc.a)
 .group         0x0000000000000000        0xc ../build/colorlight_i5/software/libc/libc.a(_libc.a)
 .bss           0x0000000000000000        0x0 ../build/colorlight_i5/software/libc/libc.a(_libc.a)
 .debug_macro   0x0000000000000000      0x50c ../build/colorlight_i5/software/libc/libc.a(_libc.a)
 .debug_macro   0x0000000000000000       0x27 ../build/colorlight_i5/software/libc/libc.a(_libc.a)
 .debug_macro   0x0000000000000000       0x94 ../build/colorlight_i5/software/libc/libc.a(_libc.a)
 .debug_macro   0x0000000000000000      0x183 ../build/colorlight_i5/software/libc/libc.a(_libc.a)
 .debug_macro   0x0000000000000000       0x35 ../build/colorlight_i5/software/libc/libc.a(_libc.a)
 .debug_macro   0x0000000000000000      0x103 ../build/colorlight_i5/software/libc/libc.a(_libc.a)
 .debug_macro   0x0000000000000000       0x34 ../build/colorlight_i5/software/libc/libc.a(_libc.a)
 .debug_macro   0x0000000000000000       0x57 ../build/colorlight_i5/software/libc/libc.a(_libc.a)
 .debug_macro   0x0000000000000000       0x6a ../build/colorlight_i5/software/libc/libc.a(_libc.a)
 .debug_macro   0x0000000000000000      0x1df ../build/colorlight_i5/software/libc/libc.a(_libc.a)
 .debug_macro   0x0000000000000000       0x82 ../build/colorlight_i5/software/libc/libc.a(_libc.a)
 .debug_macro   0x0000000000000000      0x4cc ../build/colorlight_i5/software/libc/libc.a(_libc.a)
 .debug_macro   0x0000000000000000       0x58 ../build/colorlight_i5/software/libc/libc.a(_libc.a)
 .debug_macro   0x0000000000000000       0x16 ../build/colorlight_i5/software/libc/libc.a(_libc.a)
 .debug_macro   0x0000000000000000       0x97 ../build/colorlight_i5/software/libc/libc.a(_libc.a)
 .debug_macro   0x0000000000000000       0x35 ../build/colorlight_i5/software/libc/libc.a(_libc.a)
 .debug_macro   0x0000000000000000       0x10 ../build/colorlight_i5/software/libc/libc.a(_libc.a)
 .debug_macro   0x0000000000000000       0x20 ../build/colorlight_i5/software/libc/libc.a(_libc.a)
 .debug_macro   0x0000000000000000      0x13f ../build/colorlight_i5/software/libc/libc.a(_libc.a)
 .debug_macro   0x0000000000000000       0x16 ../build/colorlight_i5/software/libc/libc.a(_libc.a)
 .debug_macro   0x0000000000000000       0x3c ../build/colorlight_i5/software/libc/libc.a(_libc.a)
 .eh_frame      0x0000000000000000       0x50 ../build/colorlight_i5/software/libc/libc.a(_libc.a)
 .group         0x0000000000000000        0xc ../build/colorlight_i5/software/libc/libc.a(libc_string_strnlen.c.o)
 .group         0x0000000000000000        0xc ../build/colorlight_i5/software/libc/libc.a(libc_string_strnlen.c.o)
 .group         0x0000000000000000        0xc ../build/colorlight_i5/software/libc/libc.a(libc_string_strnlen.c.o)
 .group         0x0000000000000000        0xc ../build/colorlight_i5/software/libc/libc.a(libc_string_strnlen.c.o)
 .group         0x0000000000000000        0xc ../build/colorlight_i5/software/libc/libc.a(libc_string_strnlen.c.o)
 .group         0x0000000000000000        0xc ../build/colorlight_i5/software/libc/libc.a(libc_string_strnlen.c.o)
 .group         0x0000000000000000        0xc ../build/colorlight_i5/software/libc/libc.a(libc_string_strnlen.c.o)
 .group         0x0000000000000000        0xc ../build/colorlight_i5/software/libc/libc.a(libc_string_strnlen.c.o)
 .group         0x0000000000000000        0xc ../build/colorlight_i5/software/libc/libc.a(libc_string_strnlen.c.o)
 .group         0x0000000000000000        0xc ../build/colorlight_i5/software/libc/libc.a(libc_string_strnlen.c.o)
 .group         0x0000000000000000        0xc ../build/colorlight_i5/software/libc/libc.a(libc_string_strnlen.c.o)
 .group         0x0000000000000000        0xc ../build/colorlight_i5/software/libc/libc.a(libc_string_strnlen.c.o)
 .group         0x0000000000000000        0xc ../build/colorlight_i5/software/libc/libc.a(libc_string_strnlen.c.o)
 .group         0x0000000000000000        0xc ../build/colorlight_i5/software/libc/libc.a(libc_string_strnlen.c.o)
 .group         0x0000000000000000        0xc ../build/colorlight_i5/software/libc/libc.a(libc_string_strnlen.c.o)
 .text          0x0000000000000000        0x0 ../build/colorlight_i5/software/libc/libc.a(libc_string_strnlen.c.o)
 .data          0x0000000000000000        0x0 ../build/colorlight_i5/software/libc/libc.a(libc_string_strnlen.c.o)
 .bss           0x0000000000000000        0x0 ../build/colorlight_i5/software/libc/libc.a(libc_string_strnlen.c.o)
 .debug_macro   0x0000000000000000      0x724 ../build/colorlight_i5/software/libc/libc.a(libc_string_strnlen.c.o)
 .debug_macro   0x0000000000000000      0x50c ../build/colorlight_i5/software/libc/libc.a(libc_string_strnlen.c.o)
 .debug_macro   0x0000000000000000       0x27 ../build/colorlight_i5/software/libc/libc.a(libc_string_strnlen.c.o)
 .debug_macro   0x0000000000000000      0x201 ../build/colorlight_i5/software/libc/libc.a(libc_string_strnlen.c.o)
 .debug_macro   0x0000000000000000       0x35 ../build/colorlight_i5/software/libc/libc.a(libc_string_strnlen.c.o)
 .debug_macro   0x0000000000000000       0x34 ../build/colorlight_i5/software/libc/libc.a(libc_string_strnlen.c.o)
 .debug_macro   0x0000000000000000       0x57 ../build/colorlight_i5/software/libc/libc.a(libc_string_strnlen.c.o)
 .debug_macro   0x0000000000000000      0x382 ../build/colorlight_i5/software/libc/libc.a(libc_string_strnlen.c.o)
 .debug_macro   0x0000000000000000       0x35 ../build/colorlight_i5/software/libc/libc.a(libc_string_strnlen.c.o)
 .debug_macro   0x0000000000000000       0x16 ../build/colorlight_i5/software/libc/libc.a(libc_string_strnlen.c.o)
 .debug_macro   0x0000000000000000       0x35 ../build/colorlight_i5/software/libc/libc.a(libc_string_strnlen.c.o)
 .eh_frame      0x0000000000000000       0x28 ../build/colorlight_i5/software/libc/libc.a(libc_string_strnlen.c.o)
 .group         0x0000000000000000        0xc ../build/colorlight_i5/software/libcompiler_rt/libcompiler_rt.a(udivdi3.o)
 .group         0x0000000000000000        0xc ../build/colorlight_i5/software/libcompiler_rt/libcompiler_rt.a(udivdi3.o)
 .group         0x0000000000000000        0xc ../build/colorlight_i5/software/libcompiler_rt/libcompiler_rt.a(udivdi3.o)
 .group         0x0000000000000000        0xc ../build/colorlight_i5/software/libcompiler_rt/libcompiler_rt.a(udivdi3.o)
 .group         0x0000000000000000        0xc ../build/colorlight_i5/software/libcompiler_rt/libcompiler_rt.a(udivdi3.o)
 .group         0x0000000000000000        0xc ../build/colorlight_i5/software/libcompiler_rt/libcompiler_rt.a(udivdi3.o)
 .group         0x0000000000000000        0xc ../build/colorlight_i5/software/libcompiler_rt/libcompiler_rt.a(udivdi3.o)
 .group         0x0000000000000000        0xc ../build/colorlight_i5/software/libcompiler_rt/libcompiler_rt.a(udivdi3.o)
 .group         0x0000000000000000        0xc ../build/colorlight_i5/software/libcompiler_rt/libcompiler_rt.a(udivdi3.o)
 .group         0x0000000000000000        0xc ../build/colorlight_i5/software/libcompiler_rt/libcompiler_rt.a(udivdi3.o)
 .group         0x0000000000000000        0xc ../build/colorlight_i5/software/libcompiler_rt/libcompiler_rt.a(udivdi3.o)
 .group         0x0000000000000000        0xc ../build/colorlight_i5/software/libcompiler_rt/libcompiler_rt.a(udivdi3.o)
 .group         0x0000000000000000        0xc ../build/colorlight_i5/software/libcompiler_rt/libcompiler_rt.a(udivdi3.o)
 .group         0x0000000000000000        0xc ../build/colorlight_i5/software/libcompiler_rt/libcompiler_rt.a(udivdi3.o)
 .group         0x0000000000000000        0xc ../build/colorlight_i5/software/libcompiler_rt/libcompiler_rt.a(udivdi3.o)
 .group         0x0000000000000000        0xc ../build/colorlight_i5/software/libcompiler_rt/libcompiler_rt.a(udivdi3.o)
 .group         0x0000000000000000        0xc ../build/colorlight_i5/software/libcompiler_rt/libcompiler_rt.a(udivdi3.o)
 .group         0x0000000000000000        0xc ../build/colorlight_i5/software/libcompiler_rt/libcompiler_rt.a(udivdi3.o)
 .data          0x0000000000000000        0x0 ../build/colorlight_i5/software/libcompiler_rt/libcompiler_rt.a(udivdi3.o)
 .bss           0x0000000000000000        0x0 ../build/colorlight_i5/software/libcompiler_rt/libcompiler_rt.a(udivdi3.o)
 .debug_macro   0x0000000000000000      0x50c ../build/colorlight_i5/software/libcompiler_rt/libcompiler_rt.a(udivdi3.o)
 .debug_macro   0x0000000000000000       0x94 ../build/colorlight_i5/software/libcompiler_rt/libcompiler_rt.a(udivdi3.o)
 .debug_macro   0x0000000000000000      0x103 ../build/colorlight_i5/software/libcompiler_rt/libcompiler_rt.a(udivdi3.o)
 .debug_macro   0x0000000000000000       0x6a ../build/colorlight_i5/software/libcompiler_rt/libcompiler_rt.a(udivdi3.o)
 .debug_macro   0x0000000000000000      0x1df ../build/colorlight_i5/software/libcompiler_rt/libcompiler_rt.a(udivdi3.o)
 .debug_macro   0x0000000000000000       0x22 ../build/colorlight_i5/software/libcompiler_rt/libcompiler_rt.a(udivdi3.o)
 .debug_macro   0x0000000000000000      0x183 ../build/colorlight_i5/software/libcompiler_rt/libcompiler_rt.a(udivdi3.o)
 .eh_frame      0x0000000000000000       0x28 ../build/colorlight_i5/software/libcompiler_rt/libcompiler_rt.a(udivdi3.o)
 .group         0x0000000000000000        0xc ../build/colorlight_i5/software/libcompiler_rt/libcompiler_rt.a(umoddi3.o)
 .group         0x0000000000000000        0xc ../build/colorlight_i5/software/libcompiler_rt/libcompiler_rt.a(umoddi3.o)
 .group         0x0000000000000000        0xc ../build/colorlight_i5/software/libcompiler_rt/libcompiler_rt.a(umoddi3.o)
 .group         0x0000000000000000        0xc ../build/colorlight_i5/software/libcompiler_rt/libcompiler_rt.a(umoddi3.o)
 .group         0x0000000000000000        0xc ../build/colorlight_i5/software/libcompiler_rt/libcompiler_rt.a(umoddi3.o)
 .group         0x0000000000000000        0xc ../build/colorlight_i5/software/libcompiler_rt/libcompiler_rt.a(umoddi3.o)
 .group         0x0000000000000000        0xc ../build/colorlight_i5/software/libcompiler_rt/libcompiler_rt.a(umoddi3.o)
 .group         0x0000000000000000        0xc ../build/colorlight_i5/software/libcompiler_rt/libcompiler_rt.a(umoddi3.o)
 .group         0x0000000000000000        0xc ../build/colorlight_i5/software/libcompiler_rt/libcompiler_rt.a(umoddi3.o)
 .group         0x0000000000000000        0xc ../build/colorlight_i5/software/libcompiler_rt/libcompiler_rt.a(umoddi3.o)
 .group         0x0000000000000000        0xc ../build/colorlight_i5/software/libcompiler_rt/libcompiler_rt.a(umoddi3.o)
 .group         0x0000000000000000        0xc ../build/colorlight_i5/software/libcompiler_rt/libcompiler_rt.a(umoddi3.o)
 .group         0x0000000000000000        0xc ../build/colorlight_i5/software/libcompiler_rt/libcompiler_rt.a(umoddi3.o)
 .group         0x0000000000000000        0xc ../build/colorlight_i5/software/libcompiler_rt/libcompiler_rt.a(umoddi3.o)
 .group         0x0000000000000000        0xc ../build/colorlight_i5/software/libcompiler_rt/libcompiler_rt.a(umoddi3.o)
 .group         0x0000000000000000        0xc ../build/colorlight_i5/software/libcompiler_rt/libcompiler_rt.a(umoddi3.o)
 .group         0x0000000000000000        0xc ../build/colorlight_i5/software/libcompiler_rt/libcompiler_rt.a(umoddi3.o)
 .group         0x0000000000000000        0xc ../build/colorlight_i5/software/libcompiler_rt/libcompiler_rt.a(umoddi3.o)
 .data          0x0000000000000000        0x0 ../build/colorlight_i5/software/libcompiler_rt/libcompiler_rt.a(umoddi3.o)
 .bss           0x0000000000000000        0x0 ../build/colorlight_i5/software/libcompiler_rt/libcompiler_rt.a(umoddi3.o)
 .debug_macro   0x0000000000000000      0x70c ../build/colorlight_i5/software/libcompiler_rt/libcompiler_rt.a(umoddi3.o)
 .debug_macro   0x0000000000000000       0x34 ../build/colorlight_i5/software/libcompiler_rt/libcompiler_rt.a(umoddi3.o)
 .debug_macro   0x0000000000000000      0x50c ../build/colorlight_i5/software/libcompiler_rt/libcompiler_rt.a(umoddi3.o)
 .debug_macro   0x0000000000000000       0x94 ../build/colorlight_i5/software/libcompiler_rt/libcompiler_rt.a(umoddi3.o)
 .debug_macro   0x0000000000000000       0x51 ../build/colorlight_i5/software/libcompiler_rt/libcompiler_rt.a(umoddi3.o)
 .debug_macro   0x0000000000000000      0x16d ../build/colorlight_i5/software/libcompiler_rt/libcompiler_rt.a(umoddi3.o)
 .debug_macro   0x0000000000000000      0x397 ../build/colorlight_i5/software/libcompiler_rt/libcompiler_rt.a(umoddi3.o)
 .debug_macro   0x0000000000000000       0x7c ../build/colorlight_i5/software/libcompiler_rt/libcompiler_rt.a(umoddi3.o)
 .debug_macro   0x0000000000000000       0x10 ../build/colorlight_i5/software/libcompiler_rt/libcompiler_rt.a(umoddi3.o)
 .debug_macro   0x0000000000000000      0x106 ../build/colorlight_i5/software/libcompiler_rt/libcompiler_rt.a(umoddi3.o)
 .debug_macro   0x0000000000000000      0x103 ../build/colorlight_i5/software/libcompiler_rt/libcompiler_rt.a(umoddi3.o)
 .debug_macro   0x0000000000000000       0x6a ../build/colorlight_i5/software/libcompiler_rt/libcompiler_rt.a(umoddi3.o)
 .debug_macro   0x0000000000000000      0x1df ../build/colorlight_i5/software/libcompiler_rt/libcompiler_rt.a(umoddi3.o)
 .debug_macro   0x0000000000000000       0x22 ../build/colorlight_i5/software/libcompiler_rt/libcompiler_rt.a(umoddi3.o)
 .debug_macro   0x0000000000000000      0x183 ../build/colorlight_i5/software/libcompiler_rt/libcompiler_rt.a(umoddi3.o)
 .debug_macro   0x0000000000000000       0x16 ../build/colorlight_i5/software/libcompiler_rt/libcompiler_rt.a(umoddi3.o)
 .debug_macro   0x0000000000000000       0x12 ../build/colorlight_i5/software/libcompiler_rt/libcompiler_rt.a(umoddi3.o)
 .debug_macro   0x0000000000000000       0x22 ../build/colorlight_i5/software/libcompiler_rt/libcompiler_rt.a(umoddi3.o)
 .eh_frame      0x0000000000000000       0x30 ../build/colorlight_i5/software/libcompiler_rt/libcompiler_rt.a(umoddi3.o)
 .group         0x0000000000000000        0xc ../build/colorlight_i5/software/libcompiler_rt/libcompiler_rt.a(udivmoddi4.o)
 .group         0x0000000000000000        0xc ../build/colorlight_i5/software/libcompiler_rt/libcompiler_rt.a(udivmoddi4.o)
 .group         0x0000000000000000        0xc ../build/colorlight_i5/software/libcompiler_rt/libcompiler_rt.a(udivmoddi4.o)
 .group         0x0000000000000000        0xc ../build/colorlight_i5/software/libcompiler_rt/libcompiler_rt.a(udivmoddi4.o)
 .group         0x0000000000000000        0xc ../build/colorlight_i5/software/libcompiler_rt/libcompiler_rt.a(udivmoddi4.o)
 .group         0x0000000000000000        0xc ../build/colorlight_i5/software/libcompiler_rt/libcompiler_rt.a(udivmoddi4.o)
 .group         0x0000000000000000        0xc ../build/colorlight_i5/software/libcompiler_rt/libcompiler_rt.a(udivmoddi4.o)
 .group         0x0000000000000000        0xc ../build/colorlight_i5/software/libcompiler_rt/libcompiler_rt.a(udivmoddi4.o)
 .group         0x0000000000000000        0xc ../build/colorlight_i5/software/libcompiler_rt/libcompiler_rt.a(udivmoddi4.o)
 .group         0x0000000000000000        0xc ../build/colorlight_i5/software/libcompiler_rt/libcompiler_rt.a(udivmoddi4.o)
 .group         0x0000000000000000        0xc ../build/colorlight_i5/software/libcompiler_rt/libcompiler_rt.a(udivmoddi4.o)
 .group         0x0000000000000000        0xc ../build/colorlight_i5/software/libcompiler_rt/libcompiler_rt.a(udivmoddi4.o)
 .group         0x0000000000000000        0xc ../build/colorlight_i5/software/libcompiler_rt/libcompiler_rt.a(udivmoddi4.o)
 .group         0x0000000000000000        0xc ../build/colorlight_i5/software/libcompiler_rt/libcompiler_rt.a(udivmoddi4.o)
 .group         0x0000000000000000        0xc ../build/colorlight_i5/software/libcompiler_rt/libcompiler_rt.a(udivmoddi4.o)
 .group         0x0000000000000000        0xc ../build/colorlight_i5/software/libcompiler_rt/libcompiler_rt.a(udivmoddi4.o)
 .group         0x0000000000000000        0xc ../build/colorlight_i5/software/libcompiler_rt/libcompiler_rt.a(udivmoddi4.o)
 .group         0x0000000000000000        0xc ../build/colorlight_i5/software/libcompiler_rt/libcompiler_rt.a(udivmoddi4.o)
 .data          0x0000000000000000        0x0 ../build/colorlight_i5/software/libcompiler_rt/libcompiler_rt.a(udivmoddi4.o)
 .bss           0x0000000000000000        0x0 ../build/colorlight_i5/software/libcompiler_rt/libcompiler_rt.a(udivmoddi4.o)
 .debug_macro   0x0000000000000000      0x70c ../build/colorlight_i5/software/libcompiler_rt/libcompiler_rt.a(udivmoddi4.o)
 .debug_macro   0x0000000000000000       0x34 ../build/colorlight_i5/software/libcompiler_rt/libcompiler_rt.a(udivmoddi4.o)
 .debug_macro   0x0000000000000000      0x50c ../build/colorlight_i5/software/libcompiler_rt/libcompiler_rt.a(udivmoddi4.o)
 .debug_macro   0x0000000000000000       0x94 ../build/colorlight_i5/software/libcompiler_rt/libcompiler_rt.a(udivmoddi4.o)
 .debug_macro   0x0000000000000000       0x51 ../build/colorlight_i5/software/libcompiler_rt/libcompiler_rt.a(udivmoddi4.o)
 .debug_macro   0x0000000000000000      0x16d ../build/colorlight_i5/software/libcompiler_rt/libcompiler_rt.a(udivmoddi4.o)
 .debug_macro   0x0000000000000000      0x397 ../build/colorlight_i5/software/libcompiler_rt/libcompiler_rt.a(udivmoddi4.o)
 .debug_macro   0x0000000000000000       0x7c ../build/colorlight_i5/software/libcompiler_rt/libcompiler_rt.a(udivmoddi4.o)
 .debug_macro   0x0000000000000000       0x10 ../build/colorlight_i5/software/libcompiler_rt/libcompiler_rt.a(udivmoddi4.o)
 .debug_macro   0x0000000000000000      0x106 ../build/colorlight_i5/software/libcompiler_rt/libcompiler_rt.a(udivmoddi4.o)
 .debug_macro   0x0000000000000000      0x103 ../build/colorlight_i5/software/libcompiler_rt/libcompiler_rt.a(udivmoddi4.o)
 .debug_macro   0x0000000000000000       0x6a ../build/colorlight_i5/software/libcompiler_rt/libcompiler_rt.a(udivmoddi4.o)
 .debug_macro   0x0000000000000000      0x1df ../build/colorlight_i5/software/libcompiler_rt/libcompiler_rt.a(udivmoddi4.o)
 .debug_macro   0x0000000000000000       0x22 ../build/colorlight_i5/software/libcompiler_rt/libcompiler_rt.a(udivmoddi4.o)
 .debug_macro   0x0000000000000000      0x183 ../build/colorlight_i5/software/libcompiler_rt/libcompiler_rt.a(udivmoddi4.o)
 .debug_macro   0x0000000000000000       0x16 ../build/colorlight_i5/software/libcompiler_rt/libcompiler_rt.a(udivmoddi4.o)
 .debug_macro   0x0000000000000000       0x12 ../build/colorlight_i5/software/libcompiler_rt/libcompiler_rt.a(udivmoddi4.o)
 .debug_macro   0x0000000000000000       0x22 ../build/colorlight_i5/software/libcompiler_rt/libcompiler_rt.a(udivmoddi4.o)
 .eh_frame      0x0000000000000000       0x50 ../build/colorlight_i5/software/libcompiler_rt/libcompiler_rt.a(udivmoddi4.o)
 .group         0x0000000000000000        0xc ../build/colorlight_i5/software/libcompiler_rt/libcompiler_rt.a(clzsi2.o)
 .group         0x0000000000000000        0xc ../build/colorlight_i5/software/libcompiler_rt/libcompiler_rt.a(clzsi2.o)
 .group         0x0000000000000000        0xc ../build/colorlight_i5/software/libcompiler_rt/libcompiler_rt.a(clzsi2.o)
 .group         0x0000000000000000        0xc ../build/colorlight_i5/software/libcompiler_rt/libcompiler_rt.a(clzsi2.o)
 .group         0x0000000000000000        0xc ../build/colorlight_i5/software/libcompiler_rt/libcompiler_rt.a(clzsi2.o)
 .group         0x0000000000000000        0xc ../build/colorlight_i5/software/libcompiler_rt/libcompiler_rt.a(clzsi2.o)
 .group         0x0000000000000000        0xc ../build/colorlight_i5/software/libcompiler_rt/libcompiler_rt.a(clzsi2.o)
 .group         0x0000000000000000        0xc ../build/colorlight_i5/software/libcompiler_rt/libcompiler_rt.a(clzsi2.o)
 .group         0x0000000000000000        0xc ../build/colorlight_i5/software/libcompiler_rt/libcompiler_rt.a(clzsi2.o)
 .group         0x0000000000000000        0xc ../build/colorlight_i5/software/libcompiler_rt/libcompiler_rt.a(clzsi2.o)
 .group         0x0000000000000000        0xc ../build/colorlight_i5/software/libcompiler_rt/libcompiler_rt.a(clzsi2.o)
 .group         0x0000000000000000        0xc ../build/colorlight_i5/software/libcompiler_rt/libcompiler_rt.a(clzsi2.o)
 .group         0x0000000000000000        0xc ../build/colorlight_i5/software/libcompiler_rt/libcompiler_rt.a(clzsi2.o)
 .group         0x0000000000000000        0xc ../build/colorlight_i5/software/libcompiler_rt/libcompiler_rt.a(clzsi2.o)
 .group         0x0000000000000000        0xc ../build/colorlight_i5/software/libcompiler_rt/libcompiler_rt.a(clzsi2.o)
 .group         0x0000000000000000        0xc ../build/colorlight_i5/software/libcompiler_rt/libcompiler_rt.a(clzsi2.o)
 .group         0x0000000000000000        0xc ../build/colorlight_i5/software/libcompiler_rt/libcompiler_rt.a(clzsi2.o)
 .group         0x0000000000000000        0xc ../build/colorlight_i5/software/libcompiler_rt/libcompiler_rt.a(clzsi2.o)
 .data          0x0000000000000000        0x0 ../build/colorlight_i5/software/libcompiler_rt/libcompiler_rt.a(clzsi2.o)
 .bss           0x0000000000000000        0x0 ../build/colorlight_i5/software/libcompiler_rt/libcompiler_rt.a(clzsi2.o)
 .debug_macro   0x0000000000000000      0x70c ../build/colorlight_i5/software/libcompiler_rt/libcompiler_rt.a(clzsi2.o)
 .debug_macro   0x0000000000000000       0x34 ../build/colorlight_i5/software/libcompiler_rt/libcompiler_rt.a(clzsi2.o)
 .debug_macro   0x0000000000000000      0x50c ../build/colorlight_i5/software/libcompiler_rt/libcompiler_rt.a(clzsi2.o)
 .debug_macro   0x0000000000000000       0x94 ../build/colorlight_i5/software/libcompiler_rt/libcompiler_rt.a(clzsi2.o)
 .debug_macro   0x0000000000000000       0x51 ../build/colorlight_i5/software/libcompiler_rt/libcompiler_rt.a(clzsi2.o)
 .debug_macro   0x0000000000000000      0x16d ../build/colorlight_i5/software/libcompiler_rt/libcompiler_rt.a(clzsi2.o)
 .debug_macro   0x0000000000000000      0x397 ../build/colorlight_i5/software/libcompiler_rt/libcompiler_rt.a(clzsi2.o)
 .debug_macro   0x0000000000000000       0x7c ../build/colorlight_i5/software/libcompiler_rt/libcompiler_rt.a(clzsi2.o)
 .debug_macro   0x0000000000000000       0x10 ../build/colorlight_i5/software/libcompiler_rt/libcompiler_rt.a(clzsi2.o)
 .debug_macro   0x0000000000000000      0x106 ../build/colorlight_i5/software/libcompiler_rt/libcompiler_rt.a(clzsi2.o)
 .debug_macro   0x0000000000000000      0x103 ../build/colorlight_i5/software/libcompiler_rt/libcompiler_rt.a(clzsi2.o)
 .debug_macro   0x0000000000000000       0x6a ../build/colorlight_i5/software/libcompiler_rt/libcompiler_rt.a(clzsi2.o)
 .debug_macro   0x0000000000000000      0x1df ../build/colorlight_i5/software/libcompiler_rt/libcompiler_rt.a(clzsi2.o)
 .debug_macro   0x0000000000000000       0x22 ../build/colorlight_i5/software/libcompiler_rt/libcompiler_rt.a(clzsi2.o)
 .debug_macro   0x0000000000000000      0x183 ../build/colorlight_i5/software/libcompiler_rt/libcompiler_rt.a(clzsi2.o)
 .debug_macro   0x0000000000000000       0x16 ../build/colorlight_i5/software/libcompiler_rt/libcompiler_rt.a(clzsi2.o)
 .debug_macro   0x0000000000000000       0x12 ../build/colorlight_i5/software/libcompiler_rt/libcompiler_rt.a(clzsi2.o)
 .debug_macro   0x0000000000000000       0x22 ../build/colorlight_i5/software/libcompiler_rt/libcompiler_rt.a(clzsi2.o)
 .eh_frame      0x0000000000000000       0x28 ../build/colorlight_i5/software/libcompiler_rt/libcompiler_rt.a(clzsi2.o)
 .group         0x0000000000000000        0xc ../build/colorlight_i5/software/libcompiler_rt/libcompiler_rt.a(ctzsi2.o)
 .group         0x0000000000000000        0xc ../build/colorlight_i5/software/libcompiler_rt/libcompiler_rt.a(ctzsi2.o)
 .group         0x0000000000000000        0xc ../build/colorlight_i5/software/libcompiler_rt/libcompiler_rt.a(ctzsi2.o)
 .group         0x0000000000000000        0xc ../build/colorlight_i5/software/libcompiler_rt/libcompiler_rt.a(ctzsi2.o)
 .group         0x0000000000000000        0xc ../build/colorlight_i5/software/libcompiler_rt/libcompiler_rt.a(ctzsi2.o)
 .group         0x0000000000000000        0xc ../build/colorlight_i5/software/libcompiler_rt/libcompiler_rt.a(ctzsi2.o)
 .group         0x0000000000000000        0xc ../build/colorlight_i5/software/libcompiler_rt/libcompiler_rt.a(ctzsi2.o)
 .group         0x0000000000000000        0xc ../build/colorlight_i5/software/libcompiler_rt/libcompiler_rt.a(ctzsi2.o)
 .group         0x0000000000000000        0xc ../build/colorlight_i5/software/libcompiler_rt/libcompiler_rt.a(ctzsi2.o)
 .group         0x0000000000000000        0xc ../build/colorlight_i5/software/libcompiler_rt/libcompiler_rt.a(ctzsi2.o)
 .group         0x0000000000000000        0xc ../build/colorlight_i5/software/libcompiler_rt/libcompiler_rt.a(ctzsi2.o)
 .group         0x0000000000000000        0xc ../build/colorlight_i5/software/libcompiler_rt/libcompiler_rt.a(ctzsi2.o)
 .group         0x0000000000000000        0xc ../build/colorlight_i5/software/libcompiler_rt/libcompiler_rt.a(ctzsi2.o)
 .group         0x0000000000000000        0xc ../build/colorlight_i5/software/libcompiler_rt/libcompiler_rt.a(ctzsi2.o)
 .group         0x0000000000000000        0xc ../build/colorlight_i5/software/libcompiler_rt/libcompiler_rt.a(ctzsi2.o)
 .group         0x0000000000000000        0xc ../build/colorlight_i5/software/libcompiler_rt/libcompiler_rt.a(ctzsi2.o)
 .group         0x0000000000000000        0xc ../build/colorlight_i5/software/libcompiler_rt/libcompiler_rt.a(ctzsi2.o)
 .group         0x0000000000000000        0xc ../build/colorlight_i5/software/libcompiler_rt/libcompiler_rt.a(ctzsi2.o)
 .data          0x0000000000000000        0x0 ../build/colorlight_i5/software/libcompiler_rt/libcompiler_rt.a(ctzsi2.o)
 .bss           0x0000000000000000        0x0 ../build/colorlight_i5/software/libcompiler_rt/libcompiler_rt.a(ctzsi2.o)
 .debug_macro   0x0000000000000000      0x70c ../build/colorlight_i5/software/libcompiler_rt/libcompiler_rt.a(ctzsi2.o)
 .debug_macro   0x0000000000000000       0x34 ../build/colorlight_i5/software/libcompiler_rt/libcompiler_rt.a(ctzsi2.o)
 .debug_macro   0x0000000000000000      0x50c ../build/colorlight_i5/software/libcompiler_rt/libcompiler_rt.a(ctzsi2.o)
 .debug_macro   0x0000000000000000       0x94 ../build/colorlight_i5/software/libcompiler_rt/libcompiler_rt.a(ctzsi2.o)
 .debug_macro   0x0000000000000000       0x51 ../build/colorlight_i5/software/libcompiler_rt/libcompiler_rt.a(ctzsi2.o)
 .debug_macro   0x0000000000000000      0x16d ../build/colorlight_i5/software/libcompiler_rt/libcompiler_rt.a(ctzsi2.o)
 .debug_macro   0x0000000000000000      0x397 ../build/colorlight_i5/software/libcompiler_rt/libcompiler_rt.a(ctzsi2.o)
 .debug_macro   0x0000000000000000       0x7c ../build/colorlight_i5/software/libcompiler_rt/libcompiler_rt.a(ctzsi2.o)
 .debug_macro   0x0000000000000000       0x10 ../build/colorlight_i5/software/libcompiler_rt/libcompiler_rt.a(ctzsi2.o)
 .debug_macro   0x0000000000000000      0x106 ../build/colorlight_i5/software/libcompiler_rt/libcompiler_rt.a(ctzsi2.o)
 .debug_macro   0x0000000000000000      0x103 ../build/colorlight_i5/software/libcompiler_rt/libcompiler_rt.a(ctzsi2.o)
 .debug_macro   0x0000000000000000       0x6a ../build/colorlight_i5/software/libcompiler_rt/libcompiler_rt.a(ctzsi2.o)
 .debug_macro   0x0000000000000000      0x1df ../build/colorlight_i5/software/libcompiler_rt/libcompiler_rt.a(ctzsi2.o)
 .debug_macro   0x0000000000000000       0x22 ../build/colorlight_i5/software/libcompiler_rt/libcompiler_rt.a(ctzsi2.o)
 .debug_macro   0x0000000000000000      0x183 ../build/colorlight_i5/software/libcompiler_rt/libcompiler_rt.a(ctzsi2.o)
 .debug_macro   0x0000000000000000       0x16 ../build/colorlight_i5/software/libcompiler_rt/libcompiler_rt.a(ctzsi2.o)
 .debug_macro   0x0000000000000000       0x12 ../build/colorlight_i5/software/libcompiler_rt/libcompiler_rt.a(ctzsi2.o)
 .debug_macro   0x0000000000000000       0x22 ../build/colorlight_i5/software/libcompiler_rt/libcompiler_rt.a(ctzsi2.o)
 .eh_frame      0x0000000000000000       0x28 ../build/colorlight_i5/software/libcompiler_rt/libcompiler_rt.a(ctzsi2.o)
 .group         0x0000000000000000        0xc ../build/colorlight_i5/software/libbase/libbase.a(uart.o)
 .group         0x0000000000000000        0xc ../build/colorlight_i5/software/libbase/libbase.a(uart.o)
 .group         0x0000000000000000        0xc ../build/colorlight_i5/software/libbase/libbase.a(uart.o)
 .group         0x0000000000000000        0xc ../build/colorlight_i5/software/libbase/libbase.a(uart.o)
 .group         0x0000000000000000        0xc ../build/colorlight_i5/software/libbase/libbase.a(uart.o)
 .group         0x0000000000000000        0xc ../build/colorlight_i5/software/libbase/libbase.a(uart.o)
 .group         0x0000000000000000        0xc ../build/colorlight_i5/software/libbase/libbase.a(uart.o)
 .group         0x0000000000000000        0xc ../build/colorlight_i5/software/libbase/libbase.a(uart.o)
 .group         0x0000000000000000        0xc ../build/colorlight_i5/software/libbase/libbase.a(uart.o)
 .group         0x0000000000000000        0xc ../build/colorlight_i5/software/libbase/libbase.a(uart.o)
 .group         0x0000000000000000        0xc ../build/colorlight_i5/software/libbase/libbase.a(uart.o)
 .data          0x0000000000000000        0x0 ../build/colorlight_i5/software/libbase/libbase.a(uart.o)
 .debug_macro   0x0000000000000000      0x700 ../build/colorlight_i5/software/libbase/libbase.a(uart.o)
 .debug_macro   0x0000000000000000       0x16 ../build/colorlight_i5/software/libbase/libbase.a(uart.o)
 .debug_macro   0x0000000000000000      0x50c ../build/colorlight_i5/software/libbase/libbase.a(uart.o)
 .debug_macro   0x0000000000000000       0x51 ../build/colorlight_i5/software/libbase/libbase.a(uart.o)
 .debug_macro   0x0000000000000000      0x103 ../build/colorlight_i5/software/libbase/libbase.a(uart.o)
 .debug_macro   0x0000000000000000       0x6a ../build/colorlight_i5/software/libbase/libbase.a(uart.o)
 .debug_macro   0x0000000000000000      0x1df ../build/colorlight_i5/software/libbase/libbase.a(uart.o)
 .debug_macro   0x0000000000000000       0x3c ../build/colorlight_i5/software/libbase/libbase.a(uart.o)
 .eh_frame      0x0000000000000000       0xcc ../build/colorlight_i5/software/libbase/libbase.a(uart.o)

Memory Configuration

Name             Origin             Length             Attributes
rom              0x0000000000000000 0x0000000000020000
sram             0x0000000001000000 0x0000000000002000
spiflash         0x0000000000800000 0x0000000000800000
main_ram         0x0000000040000000 0x0000000000800000
csr              0x0000000082000000 0x0000000000010000
*default*        0x0000000000000000 0xffffffffffffffff

Linker script and memory map

LOAD crt0.o
LOAD firmware_dotp.o
LOAD ../build/colorlight_i5/software/libc/libc.a
LOAD ../build/colorlight_i5/software/libcompiler_rt/libcompiler_rt.a
LOAD ../build/colorlight_i5/software/libbase/libbase.a
LOAD ../build/colorlight_i5/software/libfatfs/libfatfs.a
LOAD ../build/colorlight_i5/software/liblitespi/liblitespi.a
LOAD ../build/colorlight_i5/software/liblitedram/liblitedram.a
LOAD ../build/colorlight_i5/software/libliteeth/libliteeth.a
LOAD ../build/colorlight_i5/software/liblitesdcard/liblitesdcard.a
LOAD ../build/colorlight_i5/software/liblitesata/liblitesata.a
                0x0000000000000000                __DYNAMIC = 0x0

.text           0x0000000040000000     0x1188
                0x0000000040000000                _ftext = .
 *(.text .stub .text.* .gnu.linkonce.t.*)
 .text.startup  0x0000000040000000      0x204 firmware_dotp.o
                0x0000000040000000                main
 .text.memcpy   0x0000000040000204       0x24 ../build/colorlight_i5/software/libc/libc.a(memcpy-asm.S.o)
                0x0000000040000204                memcpy
 .text.printf   0x0000000040000228       0x48 ../build/colorlight_i5/software/libc/libc.a(libc_tinystdio_printf.c.o)
                0x0000000040000228                printf
 .text.__ultoa_invert
                0x0000000040000270       0xf4 ../build/colorlight_i5/software/libc/libc.a(libc_tinystdio_vfiprintf.c.o)
 .text.vfprintf
                0x0000000040000364      0x6c4 ../build/colorlight_i5/software/libc/libc.a(libc_tinystdio_vfiprintf.c.o)
                0x0000000040000364                __i_vfprintf
                0x0000000040000364                vfprintf
 .text          0x0000000040000a28       0x5c ../build/colorlight_i5/software/libc/libc.a(_libc.a)
 .text.strnlen  0x0000000040000a84       0x24 ../build/colorlight_i5/software/libc/libc.a(libc_string_strnlen.c.o)
                0x0000000040000a84                strnlen
 .text          0x0000000040000aa8        0x8 ../build/colorlight_i5/software/libcompiler_rt/libcompiler_rt.a(udivdi3.o)
                0x0000000040000aa8                __udivdi3
 .text          0x0000000040000ab0       0x24 ../build/colorlight_i5/software/libcompiler_rt/libcompiler_rt.a(umoddi3.o)
                0x0000000040000ab0                __umoddi3
 .text          0x0000000040000ad4      0x2f0 ../build/colorlight_i5/software/libcompiler_rt/libcompiler_rt.a(udivmoddi4.o)
                0x0000000040000ad4                __udivmoddi4
 .text          0x0000000040000dc4       0x98 ../build/colorlight_i5/software/libcompiler_rt/libcompiler_rt.a(clzsi2.o)
                0x0000000040000dc4                __clzsi2
 .text          0x0000000040000e5c       0x78 ../build/colorlight_i5/software/libcompiler_rt/libcompiler_rt.a(ctzsi2.o)
                0x0000000040000e5c                __ctzsi2
 .text          0x0000000040000ed4      0x2b4 ../build/colorlight_i5/software/libbase/libbase.a(uart.o)
                0x0000000040000ed4                uart_isr
                0x0000000040000f9c                uart_read
                0x0000000040000ff0                uart_read_nonblock
                0x000000004000100c                uart_write
                0x00000000400010ec                uart_init
                0x0000000040001170                uart_sync
                0x0000000040001188                _etext = .

.init           0x0000000040001188       0x10
 .init          0x0000000040001188       0x10 crt0.o
                0x0000000040001188                _start

.rodata         0x0000000040001198      0x140
                0x0000000040001198                . = ALIGN (0x4)
                0x0000000040001198                _frodata = .
 *(.rodata .rodata.* .gnu.linkonce.r.*)
 .rodata.str1.4
                0x0000000040001198       0xa9 firmware_dotp.o
 *fill*         0x0000000040001241        0x3 
 .rodata        0x0000000040001244       0x40 firmware_dotp.o
 .rodata.str1.4
                0x0000000040001284       0x10 ../build/colorlight_i5/software/libc/libc.a(libc_tinystdio_vfiprintf.c.o)
 .rodata        0x0000000040001294       0x44 ../build/colorlight_i5/software/libc/libc.a(libc_tinystdio_vfiprintf.c.o)
 *(.rodata1)
                0x00000000400012d8                _erodata = .

.srodata        0x00000000400012d8        0xc
 .srodata       0x00000000400012d8        0xc ../build/colorlight_i5/software/libc/libc.a(_libc.a)
                0x00000000400012d8                stdin
                0x00000000400012dc                stderr
                0x00000000400012e0                stdout

.rela.dyn       0x00000000400012e4        0x0
 .rela.init     0x00000000400012e4        0x0 crt0.o
 .rela.text     0x00000000400012e4        0x0 crt0.o

.data           0x00000000400012e4       0x10
                0x00000000400012e4                . = ALIGN (0x4)
                0x00000000400012e4                _fdata = .
 *(.data .data.* .gnu.linkonce.d.*)
 .data          0x00000000400012e4       0x10 ../build/colorlight_i5/software/libc/libc.a(_libc.a)
 *(.data1)
                0x0000000040001300                _gp = ALIGN (0x10)
 *(.sdata .sdata.* .gnu.linkonce.s.*)
                0x00000000400012f4                _edata = .

.bss            0x0000000001000000      0x110
                0x0000000001000000                . = ALIGN (0x4)
                0x0000000001000000                _fbss = .
 *(.dynsbss)
 *(.sbss .sbss.* .gnu.linkonce.sb.*)
 .sbss          0x0000000001000000       0x10 ../build/colorlight_i5/software/libbase/libbase.a(uart.o)
 *(.scommon)
 *(.dynbss)
 *(.bss .bss.* .gnu.linkonce.b.*)
 .bss           0x0000000001000010      0x100 ../build/colorlight_i5/software/libbase/libbase.a(uart.o)
 *(COMMON)
                0x0000000001000110                . = ALIGN (0x4)
                0x0000000001000110                _ebss = .
                0x0000000001000110                _end = .
                [!provide]                        PROVIDE (_fstack = ((ORIGIN (sram) + LENGTH (sram)) - 0x4))
                [!provide]                        PROVIDE (_fdata_rom = LOADADDR (.data))
                [!provide]                        PROVIDE (_edata_rom = (LOADADDR (.data) + SIZEOF (.data)))
OUTPUT(firmware.elf elf32-littleriscv)

.riscv.attributes
                0x0000000000000000       0x12
 .riscv.attributes
                0x0000000000000000       0x3d crt0.o
 .riscv.attributes
                0x000000000000003d       0x3f firmware_dotp.o
 .riscv.attributes
                0x000000000000007c       0x1f ../build/colorlight_i5/software/libc/libc.a(memcpy-asm.S.o)
 .riscv.attributes
                0x000000000000009b       0x21 ../build/colorlight_i5/software/libc/libc.a(libc_tinystdio_printf.c.o)
 .riscv.attributes
                0x00000000000000bc       0x21 ../build/colorlight_i5/software/libc/libc.a(libc_tinystdio_vfiprintf.c.o)
 .riscv.attributes
                0x00000000000000dd       0x21 ../build/colorlight_i5/software/libc/libc.a(_libc.a)
 .riscv.attributes
                0x00000000000000fe       0x21 ../build/colorlight_i5/software/libc/libc.a(libc_string_strnlen.c.o)
 .riscv.attributes
                0x000000000000011f       0x21 ../build/colorlight_i5/software/libcompiler_rt/libcompiler_rt.a(udivdi3.o)
 .riscv.attributes
                0x0000000000000140       0x21 ../build/colorlight_i5/software/libcompiler_rt/libcompiler_rt.a(umoddi3.o)
 .riscv.attributes
                0x0000000000000161       0x21 ../build/colorlight_i5/software/libcompiler_rt/libcompiler_rt.a(udivmoddi4.o)
 .riscv.attributes
                0x0000000000000182       0x21 ../build/colorlight_i5/software/libcompiler_rt/libcompiler_rt.a(clzsi2.o)
 .riscv.attributes
                0x00000000000001a3       0x21 ../build/colorlight_i5/software/libcompiler_rt/libcompiler_rt.a(ctzsi2.o)
 .riscv.attributes
                0x00000000000001c4       0x21 ../build/colorlight_i5/software/libbase/libbase.a(uart.o)

.comment        0x0000000000000000       0x31
 .comment       0x0000000000000000       0x22 firmware_dotp.o
                                         0x23 (size before relaxing)
 .comment       0x0000000000000022        0xf ../build/colorlight_i5/software/libc/libc.a(libc_tinystdio_printf.c.o)
                                         0x10 (size before relaxing)
 .comment       0x0000000000000031       0x10 ../build/colorlight_i5/software/libc/libc.a(libc_tinystdio_vfiprintf.c.o)
 .comment       0x0000000000000031       0x10 ../build/colorlight_i5/software/libc/libc.a(_libc.a)
 .comment       0x0000000000000031       0x10 ../build/colorlight_i5/software/libc/libc.a(libc_string_strnlen.c.o)
 .comment       0x0000000000000031       0x10 ../build/colorlight_i5/software/libcompiler_rt/libcompiler_rt.a(udivdi3.o)
 .comment       0x0000000000000031       0x10 ../build/colorlight_i5/software/libcompiler_rt/libcompiler_rt.a(umoddi3.o)
 .comment       0x0000000000000031       0x10 ../build/colorlight_i5/software/libcompiler_rt/libcompiler_rt.a(udivmoddi4.o)
 .comment       0x0000000000000031       0x10 ../build/colorlight_i5/software/libcompiler_rt/libcompiler_rt.a(clzsi2.o)
 .comment       0x0000000000000031       0x10 ../build/colorlight_i5/software/libcompiler_rt/libcompiler_rt.a(ctzsi2.o)
 .comment       0x0000000000000031       0x10 ../build/colorlight_i5/software/libbase/libbase.a(uart.o)

.debug_line     0x0000000000000000     0x614f
 .debug_line    0x0000000000000000       0x50 crt0.o
 .debug_line    0x0000000000000050      0x689 firmware_dotp.o
 .debug_line    0x00000000000006d9      0x107 ../build/colorlight_i5/software/libc/libc.a(memcpy-asm.S.o)
 .debug_line    0x00000000000007e0      0x485 ../build/colorlight_i5/software/libc/libc.a(libc_tinystdio_printf.c.o)
 .debug_line    0x0000000000000c65     0x1590 ../build/colorlight_i5/software/libc/libc.a(libc_tinystdio_vfiprintf.c.o)
 .debug_line    0x00000000000021f5      0x8d4 ../build/colorlight_i5/software/libc/libc.a(_libc.a)
 .debug_line    0x0000000000002ac9      0x4e7 ../build/colorlight_i5/software/libc/libc.a(libc_string_strnlen.c.o)
 .debug_line    0x0000000000002fb0      0x534 ../build/colorlight_i5/software/libcompiler_rt/libcompiler_rt.a(udivdi3.o)
 .debug_line    0x00000000000034e4      0x562 ../build/colorlight_i5/software/libcompiler_rt/libcompiler_rt.a(umoddi3.o)
 .debug_line    0x0000000000003a46      0xc58 ../build/colorlight_i5/software/libcompiler_rt/libcompiler_rt.a(udivmoddi4.o)
 .debug_line    0x000000000000469e      0x66d ../build/colorlight_i5/software/libcompiler_rt/libcompiler_rt.a(clzsi2.o)
 .debug_line    0x0000000000004d0b      0x65f ../build/colorlight_i5/software/libcompiler_rt/libcompiler_rt.a(ctzsi2.o)
 .debug_line    0x000000000000536a      0xde5 ../build/colorlight_i5/software/libbase/libbase.a(uart.o)

.debug_line_str
                0x0000000000000000      0x576
 .debug_line_str
                0x0000000000000000       0x42 crt0.o
 .debug_line_str
                0x0000000000000042      0x534 firmware_dotp.o
                                        0x5e5 (size before relaxing)

.debug_info     0x0000000000000000     0x22b0
 .debug_info    0x0000000000000000       0x24 crt0.o
 .debug_info    0x0000000000000024      0xac5 firmware_dotp.o
 .debug_info    0x0000000000000ae9       0x26 ../build/colorlight_i5/software/libc/libc.a(memcpy-asm.S.o)
 .debug_info    0x0000000000000b0f      0x1ff ../build/colorlight_i5/software/libc/libc.a(libc_tinystdio_printf.c.o)
 .debug_info    0x0000000000000d0e      0x506 ../build/colorlight_i5/software/libc/libc.a(libc_tinystdio_vfiprintf.c.o)
 .debug_info    0x0000000000001214      0x284 ../build/colorlight_i5/software/libc/libc.a(_libc.a)
 .debug_info    0x0000000000001498       0xde ../build/colorlight_i5/software/libc/libc.a(libc_string_strnlen.c.o)
 .debug_info    0x0000000000001576      0x114 ../build/colorlight_i5/software/libcompiler_rt/libcompiler_rt.a(udivdi3.o)
 .debug_info    0x000000000000168a      0x122 ../build/colorlight_i5/software/libcompiler_rt/libcompiler_rt.a(umoddi3.o)
 .debug_info    0x00000000000017ac      0x23c ../build/colorlight_i5/software/libcompiler_rt/libcompiler_rt.a(udivmoddi4.o)
 .debug_info    0x00000000000019e8      0x101 ../build/colorlight_i5/software/libcompiler_rt/libcompiler_rt.a(clzsi2.o)
 .debug_info    0x0000000000001ae9      0x101 ../build/colorlight_i5/software/libcompiler_rt/libcompiler_rt.a(ctzsi2.o)
 .debug_info    0x0000000000001bea      0x6c6 ../build/colorlight_i5/software/libbase/libbase.a(uart.o)

.debug_abbrev   0x0000000000000000      0xde1
 .debug_abbrev  0x0000000000000000       0x14 crt0.o
 .debug_abbrev  0x0000000000000014      0x21d firmware_dotp.o
 .debug_abbrev  0x0000000000000231       0x14 ../build/colorlight_i5/software/libc/libc.a(memcpy-asm.S.o)
 .debug_abbrev  0x0000000000000245      0x13c ../build/colorlight_i5/software/libc/libc.a(libc_tinystdio_printf.c.o)
 .debug_abbrev  0x0000000000000381      0x23d ../build/colorlight_i5/software/libc/libc.a(libc_tinystdio_vfiprintf.c.o)
 .debug_abbrev  0x00000000000005be      0x164 ../build/colorlight_i5/software/libc/libc.a(_libc.a)
 .debug_abbrev  0x0000000000000722       0x8c ../build/colorlight_i5/software/libc/libc.a(libc_string_strnlen.c.o)
 .debug_abbrev  0x00000000000007ae       0x98 ../build/colorlight_i5/software/libcompiler_rt/libcompiler_rt.a(udivdi3.o)
 .debug_abbrev  0x0000000000000846       0xa6 ../build/colorlight_i5/software/libcompiler_rt/libcompiler_rt.a(umoddi3.o)
 .debug_abbrev  0x00000000000008ec      0x12d ../build/colorlight_i5/software/libcompiler_rt/libcompiler_rt.a(udivmoddi4.o)
 .debug_abbrev  0x0000000000000a19       0x7a ../build/colorlight_i5/software/libcompiler_rt/libcompiler_rt.a(clzsi2.o)
 .debug_abbrev  0x0000000000000a93       0x7a ../build/colorlight_i5/software/libcompiler_rt/libcompiler_rt.a(ctzsi2.o)
 .debug_abbrev  0x0000000000000b0d      0x2d4 ../build/colorlight_i5/software/libbase/libbase.a(uart.o)

.debug_aranges  0x0000000000000000      0x1a8
 .debug_aranges
                0x0000000000000000       0x20 crt0.o
 .debug_aranges
                0x0000000000000020       0x20 firmware_dotp.o
 .debug_aranges
                0x0000000000000040       0x20 ../build/colorlight_i5/software/libc/libc.a(memcpy-asm.S.o)
 .debug_aranges
                0x0000000000000060       0x20 ../build/colorlight_i5/software/libc/libc.a(libc_tinystdio_printf.c.o)
 .debug_aranges
                0x0000000000000080       0x28 ../build/colorlight_i5/software/libc/libc.a(libc_tinystdio_vfiprintf.c.o)
 .debug_aranges
                0x00000000000000a8       0x20 ../build/colorlight_i5/software/libc/libc.a(_libc.a)
 .debug_aranges
                0x00000000000000c8       0x20 ../build/colorlight_i5/software/libc/libc.a(libc_string_strnlen.c.o)
 .debug_aranges
                0x00000000000000e8       0x20 ../build/colorlight_i5/software/libcompiler_rt/libcompiler_rt.a(udivdi3.o)
 .debug_aranges
                0x0000000000000108       0x20 ../build/colorlight_i5/software/libcompiler_rt/libcompiler_rt.a(umoddi3.o)
 .debug_aranges
                0x0000000000000128       0x20 ../build/colorlight_i5/software/libcompiler_rt/libcompiler_rt.a(udivmoddi4.o)
 .debug_aranges
                0x0000000000000148       0x20 ../build/colorlight_i5/software/libcompiler_rt/libcompiler_rt.a(clzsi2.o)
 .debug_aranges
                0x0000000000000168       0x20 ../build/colorlight_i5/software/libcompiler_rt/libcompiler_rt.a(ctzsi2.o)
 .debug_aranges
                0x0000000000000188       0x20 ../build/colorlight_i5/software/libbase/libbase.a(uart.o)

.debug_str      0x0000000000000000     0xfbbc
 .debug_str     0x0000000000000000       0x4e crt0.o
 .debug_str     0x000000000000004e     0x66af firmware_dotp.o
                                       0x6933 (size before relaxing)
 .debug_str     0x00000000000066fd      0x115 ../build/colorlight_i5/software/libc/libc.a(memcpy-asm.S.o)
 .debug_str     0x0000000000006812     0x1985 ../build/colorlight_i5/software/libc/libc.a(libc_tinystdio_printf.c.o)
                                       0x6b5b (size before relaxing)
 .debug_str     0x0000000000008197     0x4566 ../build/colorlight_i5/software/libc/libc.a(libc_tinystdio_vfiprintf.c.o)
                                       0xb14a (size before relaxing)
 .debug_str     0x000000000000c6fd     0x16fc ../build/colorlight_i5/software/libc/libc.a(_libc.a)
                                       0x8667 (size before relaxing)
 .debug_str     0x000000000000ddf9       0xad ../build/colorlight_i5/software/libc/libc.a(libc_string_strnlen.c.o)
                                       0x5f05 (size before relaxing)
 .debug_str     0x000000000000dea6      0x9d1 ../build/colorlight_i5/software/libcompiler_rt/libcompiler_rt.a(udivdi3.o)
                                       0x6ce4 (size before relaxing)
 .debug_str     0x000000000000e877       0xcc ../build/colorlight_i5/software/libcompiler_rt/libcompiler_rt.a(umoddi3.o)
                                       0x6ce4 (size before relaxing)
 .debug_str     0x000000000000e943      0x11d ../build/colorlight_i5/software/libcompiler_rt/libcompiler_rt.a(udivmoddi4.o)
                                       0x6d2b (size before relaxing)
 .debug_str     0x000000000000ea60       0xd2 ../build/colorlight_i5/software/libcompiler_rt/libcompiler_rt.a(clzsi2.o)
                                       0x6cdc (size before relaxing)
 .debug_str     0x000000000000eb32       0xcb ../build/colorlight_i5/software/libcompiler_rt/libcompiler_rt.a(ctzsi2.o)
                                       0x6cdc (size before relaxing)
 .debug_str     0x000000000000ebfd      0xfbf ../build/colorlight_i5/software/libbase/libbase.a(uart.o)
                                       0x6a42 (size before relaxing)

.debug_loclists
                0x0000000000000000      0x2a5
 .debug_loclists
                0x0000000000000000      0x2a5 firmware_dotp.o

.debug_rnglists
                0x0000000000000000       0x51
 .debug_rnglists
                0x0000000000000000       0x51 firmware_dotp.o

.debug_macro    0x0000000000000000     0x6b55
 .debug_macro   0x0000000000000000      0x152 firmware_dotp.o
 .debug_macro   0x0000000000000152      0x7ae firmware_dotp.o
 .debug_macro   0x0000000000000900       0x27 firmware_dotp.o
 .debug_macro   0x0000000000000927       0x94 firmware_dotp.o
 .debug_macro   0x00000000000009bb      0x183 firmware_dotp.o
 .debug_macro   0x0000000000000b3e       0x35 firmware_dotp.o
 .debug_macro   0x0000000000000b73      0x103 firmware_dotp.o
 .debug_macro   0x0000000000000c76       0x34 firmware_dotp.o
 .debug_macro   0x0000000000000caa       0x57 firmware_dotp.o
 .debug_macro   0x0000000000000d01       0x6a firmware_dotp.o
 .debug_macro   0x0000000000000d6b      0x1df firmware_dotp.o
 .debug_macro   0x0000000000000f4a       0x89 firmware_dotp.o
 .debug_macro   0x0000000000000fd3      0x460 firmware_dotp.o
 .debug_macro   0x0000000000001433       0x58 firmware_dotp.o
 .debug_macro   0x000000000000148b       0x16 firmware_dotp.o
 .debug_macro   0x00000000000014a1       0x9e firmware_dotp.o
 .debug_macro   0x000000000000153f       0x35 firmware_dotp.o
 .debug_macro   0x0000000000001574       0x10 firmware_dotp.o
 .debug_macro   0x0000000000001584       0x20 firmware_dotp.o
 .debug_macro   0x00000000000015a4      0x13f firmware_dotp.o
 .debug_macro   0x00000000000016e3       0x22 firmware_dotp.o
 .debug_macro   0x0000000000001705       0x88 firmware_dotp.o
 .debug_macro   0x000000000000178d       0x22 firmware_dotp.o
 .debug_macro   0x00000000000017af       0x1c firmware_dotp.o
 .debug_macro   0x00000000000017cb       0x3c firmware_dotp.o
 .debug_macro   0x0000000000001807      0x10c firmware_dotp.o
 .debug_macro   0x0000000000001913       0x16 firmware_dotp.o
 .debug_macro   0x0000000000001929       0xf2 ../build/colorlight_i5/software/libc/libc.a(libc_tinystdio_printf.c.o)
 .debug_macro   0x0000000000001a1b      0x724 ../build/colorlight_i5/software/libc/libc.a(libc_tinystdio_printf.c.o)
 .debug_macro   0x000000000000213f      0x50c ../build/colorlight_i5/software/libc/libc.a(libc_tinystdio_printf.c.o)
 .debug_macro   0x000000000000264b       0x58 ../build/colorlight_i5/software/libc/libc.a(libc_tinystdio_printf.c.o)
 .debug_macro   0x00000000000026a3       0x5c ../build/colorlight_i5/software/libc/libc.a(libc_tinystdio_printf.c.o)
 .debug_macro   0x00000000000026ff      0x201 ../build/colorlight_i5/software/libc/libc.a(libc_tinystdio_printf.c.o)
 .debug_macro   0x0000000000002900       0x82 ../build/colorlight_i5/software/libc/libc.a(libc_tinystdio_printf.c.o)
 .debug_macro   0x0000000000002982      0x4cc ../build/colorlight_i5/software/libc/libc.a(libc_tinystdio_printf.c.o)
 .debug_macro   0x0000000000002e4e       0x97 ../build/colorlight_i5/software/libc/libc.a(libc_tinystdio_printf.c.o)
 .debug_macro   0x0000000000002ee5       0x20 ../build/colorlight_i5/software/libc/libc.a(libc_tinystdio_printf.c.o)
 .debug_macro   0x0000000000002f05      0x13f ../build/colorlight_i5/software/libc/libc.a(libc_tinystdio_printf.c.o)
 .debug_macro   0x0000000000003044      0x283 ../build/colorlight_i5/software/libc/libc.a(libc_tinystdio_vfiprintf.c.o)
 .debug_macro   0x00000000000032c7       0x86 ../build/colorlight_i5/software/libc/libc.a(libc_tinystdio_vfiprintf.c.o)
 .debug_macro   0x000000000000334d       0x16 ../build/colorlight_i5/software/libc/libc.a(libc_tinystdio_vfiprintf.c.o)
 .debug_macro   0x0000000000003363       0x27 ../build/colorlight_i5/software/libc/libc.a(libc_tinystdio_vfiprintf.c.o)
 .debug_macro   0x000000000000338a       0x8d ../build/colorlight_i5/software/libc/libc.a(libc_tinystdio_vfiprintf.c.o)
 .debug_macro   0x0000000000003417      0x382 ../build/colorlight_i5/software/libc/libc.a(libc_tinystdio_vfiprintf.c.o)
 .debug_macro   0x0000000000003799       0x2f ../build/colorlight_i5/software/libc/libc.a(libc_tinystdio_vfiprintf.c.o)
 .debug_macro   0x00000000000037c8       0x16 ../build/colorlight_i5/software/libc/libc.a(libc_tinystdio_vfiprintf.c.o)
 .debug_macro   0x00000000000037de       0x35 ../build/colorlight_i5/software/libc/libc.a(libc_tinystdio_vfiprintf.c.o)
 .debug_macro   0x0000000000003813       0xb9 ../build/colorlight_i5/software/libc/libc.a(libc_tinystdio_vfiprintf.c.o)
 .debug_macro   0x00000000000038cc      0x1b7 ../build/colorlight_i5/software/libc/libc.a(libc_tinystdio_vfiprintf.c.o)
 .debug_macro   0x0000000000003a83       0x10 ../build/colorlight_i5/software/libc/libc.a(libc_tinystdio_vfiprintf.c.o)
 .debug_macro   0x0000000000003a93       0x1c ../build/colorlight_i5/software/libc/libc.a(libc_tinystdio_vfiprintf.c.o)
 .debug_macro   0x0000000000003aaf       0x82 ../build/colorlight_i5/software/libc/libc.a(libc_tinystdio_vfiprintf.c.o)
 .debug_macro   0x0000000000003b31       0xe8 ../build/colorlight_i5/software/libc/libc.a(libc_tinystdio_vfiprintf.c.o)
 .debug_macro   0x0000000000003c19       0x19 ../build/colorlight_i5/software/libc/libc.a(libc_tinystdio_vfiprintf.c.o)
 .debug_macro   0x0000000000003c32       0x5e ../build/colorlight_i5/software/libc/libc.a(libc_tinystdio_vfiprintf.c.o)
 .debug_macro   0x0000000000003c90       0x16 ../build/colorlight_i5/software/libc/libc.a(libc_tinystdio_vfiprintf.c.o)
 .debug_macro   0x0000000000003ca6       0x22 ../build/colorlight_i5/software/libc/libc.a(libc_tinystdio_vfiprintf.c.o)
 .debug_macro   0x0000000000003cc8       0x4f ../build/colorlight_i5/software/libc/libc.a(libc_tinystdio_vfiprintf.c.o)
 .debug_macro   0x0000000000003d17       0x10 ../build/colorlight_i5/software/libc/libc.a(libc_tinystdio_vfiprintf.c.o)
 .debug_macro   0x0000000000003d27      0x257 ../build/colorlight_i5/software/libc/libc.a(libc_tinystdio_vfiprintf.c.o)
 .debug_macro   0x0000000000003f7e       0x16 ../build/colorlight_i5/software/libc/libc.a(libc_tinystdio_vfiprintf.c.o)
 .debug_macro   0x0000000000003f94      0x194 ../build/colorlight_i5/software/libc/libc.a(libc_tinystdio_vfiprintf.c.o)
 .debug_macro   0x0000000000004128       0x16 ../build/colorlight_i5/software/libc/libc.a(libc_tinystdio_vfiprintf.c.o)
 .debug_macro   0x000000000000413e       0x60 ../build/colorlight_i5/software/libc/libc.a(libc_tinystdio_vfiprintf.c.o)
 .debug_macro   0x000000000000419e       0x2b ../build/colorlight_i5/software/libc/libc.a(libc_tinystdio_vfiprintf.c.o)
 .debug_macro   0x00000000000041c9       0x10 ../build/colorlight_i5/software/libc/libc.a(libc_tinystdio_vfiprintf.c.o)
 .debug_macro   0x00000000000041d9       0xb2 ../build/colorlight_i5/software/libc/libc.a(libc_tinystdio_vfiprintf.c.o)
 .debug_macro   0x000000000000428b      0x13d ../build/colorlight_i5/software/libc/libc.a(_libc.a)
 .debug_macro   0x00000000000043c8      0x700 ../build/colorlight_i5/software/libc/libc.a(_libc.a)
 .debug_macro   0x0000000000004ac8       0x16 ../build/colorlight_i5/software/libc/libc.a(_libc.a)
 .debug_macro   0x0000000000004ade       0xd0 ../build/colorlight_i5/software/libc/libc.a(_libc.a)
 .debug_macro   0x0000000000004bae      0x351 ../build/colorlight_i5/software/libc/libc.a(_libc.a)
 .debug_macro   0x0000000000004eff       0xe6 ../build/colorlight_i5/software/libc/libc.a(libc_string_strnlen.c.o)
 .debug_macro   0x0000000000004fe5       0x94 ../build/colorlight_i5/software/libc/libc.a(libc_string_strnlen.c.o)
 .debug_macro   0x0000000000005079      0x174 ../build/colorlight_i5/software/libc/libc.a(libc_string_strnlen.c.o)
 .debug_macro   0x00000000000051ed       0x10 ../build/colorlight_i5/software/libc/libc.a(libc_string_strnlen.c.o)
 .debug_macro   0x00000000000051fd       0x43 ../build/colorlight_i5/software/libc/libc.a(libc_string_strnlen.c.o)
 .debug_macro   0x0000000000005240       0xd4 ../build/colorlight_i5/software/libcompiler_rt/libcompiler_rt.a(udivdi3.o)
 .debug_macro   0x0000000000005314      0x70c ../build/colorlight_i5/software/libcompiler_rt/libcompiler_rt.a(udivdi3.o)
 .debug_macro   0x0000000000005a20       0x34 ../build/colorlight_i5/software/libcompiler_rt/libcompiler_rt.a(udivdi3.o)
 .debug_macro   0x0000000000005a54       0x51 ../build/colorlight_i5/software/libcompiler_rt/libcompiler_rt.a(udivdi3.o)
 .debug_macro   0x0000000000005aa5      0x16d ../build/colorlight_i5/software/libcompiler_rt/libcompiler_rt.a(udivdi3.o)
 .debug_macro   0x0000000000005c12      0x397 ../build/colorlight_i5/software/libcompiler_rt/libcompiler_rt.a(udivdi3.o)
 .debug_macro   0x0000000000005fa9       0x7c ../build/colorlight_i5/software/libcompiler_rt/libcompiler_rt.a(udivdi3.o)
 .debug_macro   0x0000000000006025       0x10 ../build/colorlight_i5/software/libcompiler_rt/libcompiler_rt.a(udivdi3.o)
 .debug_macro   0x0000000000006035      0x106 ../build/colorlight_i5/software/libcompiler_rt/libcompiler_rt.a(udivdi3.o)
 .debug_macro   0x000000000000613b       0x16 ../build/colorlight_i5/software/libcompiler_rt/libcompiler_rt.a(udivdi3.o)
 .debug_macro   0x0000000000006151       0x12 ../build/colorlight_i5/software/libcompiler_rt/libcompiler_rt.a(udivdi3.o)
 .debug_macro   0x0000000000006163       0x22 ../build/colorlight_i5/software/libcompiler_rt/libcompiler_rt.a(udivdi3.o)
 .debug_macro   0x0000000000006185       0xd4 ../build/colorlight_i5/software/libcompiler_rt/libcompiler_rt.a(umoddi3.o)
 .debug_macro   0x0000000000006259       0xd4 ../build/colorlight_i5/software/libcompiler_rt/libcompiler_rt.a(udivmoddi4.o)
 .debug_macro   0x000000000000632d       0xd4 ../build/colorlight_i5/software/libcompiler_rt/libcompiler_rt.a(clzsi2.o)
 .debug_macro   0x0000000000006401       0xd4 ../build/colorlight_i5/software/libcompiler_rt/libcompiler_rt.a(ctzsi2.o)
 .debug_macro   0x00000000000064d5       0xb7 ../build/colorlight_i5/software/libbase/libbase.a(uart.o)
 .debug_macro   0x000000000000658c       0xd0 ../build/colorlight_i5/software/libbase/libbase.a(uart.o)
 .debug_macro   0x000000000000665c       0x8e ../build/colorlight_i5/software/libbase/libbase.a(uart.o)
 .debug_macro   0x00000000000066ea      0x46b ../build/colorlight_i5/software/libbase/libbase.a(uart.o)

.debug_loc      0x0000000000000000     0x1633
 .debug_loc     0x0000000000000000       0x2c ../build/colorlight_i5/software/libc/libc.a(libc_tinystdio_printf.c.o)
 .debug_loc     0x000000000000002c      0x9f1 ../build/colorlight_i5/software/libc/libc.a(libc_tinystdio_vfiprintf.c.o)
 .debug_loc     0x0000000000000a1d       0x63 ../build/colorlight_i5/software/libc/libc.a(_libc.a)
 .debug_loc     0x0000000000000a80       0xbf ../build/colorlight_i5/software/libc/libc.a(libc_string_strnlen.c.o)
 .debug_loc     0x0000000000000b3f       0x50 ../build/colorlight_i5/software/libcompiler_rt/libcompiler_rt.a(udivdi3.o)
 .debug_loc     0x0000000000000b8f       0x50 ../build/colorlight_i5/software/libcompiler_rt/libcompiler_rt.a(umoddi3.o)
 .debug_loc     0x0000000000000bdf      0x2e9 ../build/colorlight_i5/software/libcompiler_rt/libcompiler_rt.a(udivmoddi4.o)
 .debug_loc     0x0000000000000ec8      0x306 ../build/colorlight_i5/software/libcompiler_rt/libcompiler_rt.a(clzsi2.o)
 .debug_loc     0x00000000000011ce      0x17c ../build/colorlight_i5/software/libcompiler_rt/libcompiler_rt.a(ctzsi2.o)
 .debug_loc     0x000000000000134a      0x2e9 ../build/colorlight_i5/software/libbase/libbase.a(uart.o)

.debug_ranges   0x0000000000000000      0x218
 .debug_ranges  0x0000000000000000       0x10 ../build/colorlight_i5/software/libc/libc.a(libc_tinystdio_printf.c.o)
 .debug_ranges  0x0000000000000010       0xc0 ../build/colorlight_i5/software/libc/libc.a(libc_tinystdio_vfiprintf.c.o)
 .debug_ranges  0x00000000000000d0       0x10 ../build/colorlight_i5/software/libc/libc.a(libc_string_strnlen.c.o)
 .debug_ranges  0x00000000000000e0       0x18 ../build/colorlight_i5/software/libcompiler_rt/libcompiler_rt.a(udivmoddi4.o)
 .debug_ranges  0x00000000000000f8      0x120 ../build/colorlight_i5/software/libbase/libbase.a(uart.o)
